<!DOCTYPE HTML PUBLIC "-//W3C//DTD HTML 3.2//EN">
<HTML>
<HEAD>
   <TITLE>Unconstrained binary quadratic programing</TITLE>
   <META NAME="GENERATOR" CONTENT="Mozilla/3.04Gold (WinNT; I) [Netscape]">
   <META NAME="AUTHOR" CONTENT="J E Beasley">
   <META NAME="keywords" CONTENT="unconstrained binary quadratic programing test problems">
</HEAD>
<BODY>

<H1>OR-Library</H1>

<H2><A HREF="http://people.brunel.ac.uk/~mastjjb/jeb/jeb.html">J
E Beasley</A> </H2>

<P>OR-Library is a collection of test data sets for a variety of OR problems.</P>

<P>A full list of the test data sets available in OR-Library can be found
<A HREF="http://people.brunel.ac.uk/~mastjjb/jeb/info.html">here</A>.
</P>

<P>
<HR></P>

<H2>Unconstrained binary quadratic programming</H2>

<PRE>There are currently 7 data files. </PRE>

<PRE>These data files are the test problems used in the working paper: 
&quot;Heuristic algorithms for the unconstrained binary quadratic programming 
problem&quot; by J.E. Beasley available from <A HREF="http://people.brunel.ac.uk/~mastjjb/jeb/jeb.html">here</A>. </PRE>

<PRE>The problem as given in the data files below is to maximise the expression
     sum{i=1,...,n} sum{j=1,...,n} q(i,j)x(i)x(j)
where n is the number of variables and q(i,j) is a symmetric matrix.
The x(i) {i=1,...,n} are the binary (zero-one) variables.</PRE>

<PRE>The test problems are the files:
bqpgka, bqp50, bqp100, bqp250, bqp500, bqp1000, bqp2500

The format of these data files is:
number of test problems
for each test problem in turn:
   number of variables (n), number of non-zero elements in the q(i,j) matrix
       for each non-zero element in turn: 
       i, j, q(i,j) {=q(j,i) as the matrix is symmetric}</PRE>

<PRE>File bqpgka corresponds to the problems solved in F. Glover, G.A. Kochenberger 
and B. Alidaee, Adaptive memory tabu search for binary quadratic programs. 
Management Science 44 (1998) 336-345.</PRE>

<PRE>The largest file is bqp2500 of size 44Mb (approximately)
The entire set of files is of size 57Mb (approximately).</PRE>

<PRE>Click <A HREF="http://people.brunel.ac.uk/~mastjjb/jeb/orlib/files">here</A> to access these files</PRE>

<PRE>OTHER SOURCES </PRE>

<PRE>Test problems can be found <A HREF="http://www.proin
.ktu.lt/~gintaras/">here</A></PRE>

</BODY>
</HTML>
